Archive member included to satisfy reference by file (symbol)

c:/mounriver/mounriver_studio/toolchain/risc-v embedded gcc/bin/../lib/gcc/riscv-none-embed/8.2.0/../../../../riscv-none-embed/lib/rv32imacxw/ilp32\libg_nano.a(lib_a-memset.o)
                              ./App/src/ms5611.o (memset)
c:/mounriver/mounriver_studio/toolchain/risc-v embedded gcc/bin/../lib/gcc/riscv-none-embed/8.2.0/../../../../riscv-none-embed/lib/rv32imacxw/ilp32\libg_nano.a(lib_a-sprintf.o)
                              ./App/src/atcmd.o (sprintf)
c:/mounriver/mounriver_studio/toolchain/risc-v embedded gcc/bin/../lib/gcc/riscv-none-embed/8.2.0/../../../../riscv-none-embed/lib/rv32imacxw/ilp32\libg_nano.a(lib_a-strchr.o)
                              ./App/src/atcmd.o (strchr)
c:/mounriver/mounriver_studio/toolchain/risc-v embedded gcc/bin/../lib/gcc/riscv-none-embed/8.2.0/../../../../riscv-none-embed/lib/rv32imacxw/ilp32\libg_nano.a(lib_a-strcmp.o)
                              ./App/src/usr.o (strcmp)
c:/mounriver/mounriver_studio/toolchain/risc-v embedded gcc/bin/../lib/gcc/riscv-none-embed/8.2.0/../../../../riscv-none-embed/lib/rv32imacxw/ilp32\libg_nano.a(lib_a-strlen.o)
                              ./App/src/atcmd.o (strlen)
c:/mounriver/mounriver_studio/toolchain/risc-v embedded gcc/bin/../lib/gcc/riscv-none-embed/8.2.0/../../../../riscv-none-embed/lib/rv32imacxw/ilp32\libg_nano.a(lib_a-strncmp.o)
                              ./App/src/atcmd.o (strncmp)
c:/mounriver/mounriver_studio/toolchain/risc-v embedded gcc/bin/../lib/gcc/riscv-none-embed/8.2.0/../../../../riscv-none-embed/lib/rv32imacxw/ilp32\libg_nano.a(lib_a-impure.o)
                              c:/mounriver/mounriver_studio/toolchain/risc-v embedded gcc/bin/../lib/gcc/riscv-none-embed/8.2.0/../../../../riscv-none-embed/lib/rv32imacxw/ilp32\libg_nano.a(lib_a-sprintf.o) (_impure_ptr)
c:/mounriver/mounriver_studio/toolchain/risc-v embedded gcc/bin/../lib/gcc/riscv-none-embed/8.2.0/../../../../riscv-none-embed/lib/rv32imacxw/ilp32\libg_nano.a(lib_a-nano-svfprintf.o)
                              c:/mounriver/mounriver_studio/toolchain/risc-v embedded gcc/bin/../lib/gcc/riscv-none-embed/8.2.0/../../../../riscv-none-embed/lib/rv32imacxw/ilp32\libg_nano.a(lib_a-sprintf.o) (_svfprintf_r)
c:/mounriver/mounriver_studio/toolchain/risc-v embedded gcc/bin/../lib/gcc/riscv-none-embed/8.2.0/../../../../riscv-none-embed/lib/rv32imacxw/ilp32\libg_nano.a(lib_a-nano-vfprintf_i.o)
                              c:/mounriver/mounriver_studio/toolchain/risc-v embedded gcc/bin/../lib/gcc/riscv-none-embed/8.2.0/../../../../riscv-none-embed/lib/rv32imacxw/ilp32\libg_nano.a(lib_a-nano-svfprintf.o) (_printf_i)
c:/mounriver/mounriver_studio/toolchain/risc-v embedded gcc/bin/../lib/gcc/riscv-none-embed/8.2.0/../../../../riscv-none-embed/lib/rv32imacxw/ilp32\libg_nano.a(lib_a-memchr.o)
                              c:/mounriver/mounriver_studio/toolchain/risc-v embedded gcc/bin/../lib/gcc/riscv-none-embed/8.2.0/../../../../riscv-none-embed/lib/rv32imacxw/ilp32\libg_nano.a(lib_a-nano-svfprintf.o) (memchr)
c:/mounriver/mounriver_studio/toolchain/risc-v embedded gcc/bin/../lib/gcc/riscv-none-embed/8.2.0/../../../../riscv-none-embed/lib/rv32imacxw/ilp32\libg_nano.a(lib_a-memcpy.o)
                              c:/mounriver/mounriver_studio/toolchain/risc-v embedded gcc/bin/../lib/gcc/riscv-none-embed/8.2.0/../../../../riscv-none-embed/lib/rv32imacxw/ilp32\libg_nano.a(lib_a-nano-svfprintf.o) (memcpy)
c:/mounriver/mounriver_studio/toolchain/risc-v embedded gcc/bin/../lib/gcc/riscv-none-embed/8.2.0/../../../../riscv-none-embed/lib/rv32imacxw/ilp32\libg_nano.a(lib_a-memmove.o)
                              c:/mounriver/mounriver_studio/toolchain/risc-v embedded gcc/bin/../lib/gcc/riscv-none-embed/8.2.0/../../../../riscv-none-embed/lib/rv32imacxw/ilp32\libg_nano.a(lib_a-nano-svfprintf.o) (memmove)
c:/mounriver/mounriver_studio/toolchain/risc-v embedded gcc/bin/../lib/gcc/riscv-none-embed/8.2.0/../../../../riscv-none-embed/lib/rv32imacxw/ilp32\libg_nano.a(lib_a-nano-freer.o)
                              c:/mounriver/mounriver_studio/toolchain/risc-v embedded gcc/bin/../lib/gcc/riscv-none-embed/8.2.0/../../../../riscv-none-embed/lib/rv32imacxw/ilp32\libg_nano.a(lib_a-nano-svfprintf.o) (_free_r)
c:/mounriver/mounriver_studio/toolchain/risc-v embedded gcc/bin/../lib/gcc/riscv-none-embed/8.2.0/../../../../riscv-none-embed/lib/rv32imacxw/ilp32\libg_nano.a(lib_a-nano-mallocr.o)
                              c:/mounriver/mounriver_studio/toolchain/risc-v embedded gcc/bin/../lib/gcc/riscv-none-embed/8.2.0/../../../../riscv-none-embed/lib/rv32imacxw/ilp32\libg_nano.a(lib_a-nano-svfprintf.o) (_malloc_r)
c:/mounriver/mounriver_studio/toolchain/risc-v embedded gcc/bin/../lib/gcc/riscv-none-embed/8.2.0/../../../../riscv-none-embed/lib/rv32imacxw/ilp32\libg_nano.a(lib_a-nano-reallocr.o)
[...]
Memory Configuration

Name             Origin             Length             Attributes
FLASH            0x0000000000000000 0x000000000000f800 xr
RAM              0x0000000020000000 0x0000000000005000 xrw
*default*        0x0000000000000000 0xffffffffffffffff

Linker script and memory map

LOAD ./User/ch32x035_it.o
LOAD ./User/main.o
LOAD ./User/system_ch32x035.o
LOAD ./Startup/startup_ch32x035.o
LOAD ./Peripheral/src/ch32x035_adc.o
LOAD ./Peripheral/src/ch32x035_awu.o
LOAD ./Peripheral/src/ch32x035_dbgmcu.o
LOAD ./Peripheral/src/ch32x035_dma.o
LOAD ./Peripheral/src/ch32x035_exti.o
LOAD ./Peripheral/src/ch32x035_flash.o
LOAD ./Peripheral/src/ch32x035_gpio.o
LOAD ./Peripheral/src/ch32x035_i2c.o
LOAD ./Peripheral/src/ch32x035_iwdg.o
LOAD ./Peripheral/src/ch32x035_misc.o
LOAD ./Peripheral/src/ch32x035_opa.o
LOAD ./Peripheral/src/ch32x035_pwr.o
LOAD ./Peripheral/src/ch32x035_rcc.o
LOAD ./Peripheral/src/ch32x035_spi.o
LOAD ./Peripheral/src/ch32x035_tim.o
LOAD ./Peripheral/src/ch32x035_usart.o
LOAD ./Peripheral/src/ch32x035_wwdg.o
LOAD ./Debug/debug.o
LOAD ./Core/core_riscv.o
LOAD ./App/src/atcmd.o
LOAD ./App/src/irq.o
LOAD ./App/src/led.o
LOAD ./App/src/ms5611.o
LOAD ./App/src/scp.o
LOAD ./App/src/tmr.o
LOAD ./App/src/usr.o
LOAD c:/mounriver/mounriver_studio/toolchain/risc-v embedded gcc/bin/../lib/gcc/riscv-none-embed/8.2.0/rv32imacxw/ilp32\libgcc.a
LOAD c:/mounriver/mounriver_studio/toolchain/risc-v embedded gcc/bin/../lib/gcc/riscv-none-embed/8.2.0/../../../../riscv-none-embed/lib/rv32imacxw/ilp32\libg_nano.a
LOAD c:/mounriver/mounriver_studio/toolchain/risc-v embedded gcc/bin/../lib/gcc/riscv-none-embed/8.2.0/../../../../riscv-none-embed/lib/rv32imacxw/ilp32\libc_nano.a
LOAD c:/mounriver/mounriver_studio/toolchain/risc-v embedded gcc/bin/../lib/gcc/riscv-none-embed/8.2.0/rv32imacxw/ilp32\libgcc.a
START GROUP
LOAD c:/mounriver/mounriver_studio/toolchain/risc-v embedded gcc/bin/../lib/gcc/riscv-none-embed/8.2.0/rv32imacxw/ilp32\libgcc.a
LOAD c:/mounriver/mounriver_studio/toolchain/risc-v embedded gcc/bin/../lib/gcc/riscv-none-embed/8.2.0/../../../../riscv-none-embed/lib/rv32imacxw/ilp32\libc_nano.a
LOAD c:/mounriver/mounriver_studio/toolchain/risc-v embedded gcc/bin/../lib/gcc/riscv-none-embed/8.2.0/../../../../riscv-none-embed/lib/rv32imacxw/ilp32\libnosys.a
END GROUP
START GROUP
LOAD c:/mounriver/mounriver_studio/toolchain/risc-v embedded gcc/bin/../lib/gcc/riscv-none-embed/8.2.0/rv32imacxw/ilp32\libgcc.a
LOAD c:/mounriver/mounriver_studio/toolchain/risc-v embedded gcc/bin/../lib/gcc/riscv-none-embed/8.2.0/../../../../riscv-none-embed/lib/rv32imacxw/ilp32\libc_nano.a
LOAD c:/mounriver/mounriver_studio/toolchain/risc-v embedded gcc/bin/../lib/gcc/riscv-none-embed/8.2.0/../../../../riscv-none-embed/lib/rv32imacxw/ilp32\libnosys.a
END GROUP
                0x0000000000000800                __stack_size = 0x800
                [!provide]                        PROVIDE (_stack_size = __stack_size)

.init           0x0000000000000000        0x4
                0x0000000000000000                _sinit = .
                0x0000000000000000                . = ALIGN (0x4)
 *(SORT_NONE(.init))
 .init          0x0000000000000000        0x4 ./Startup/startup_ch32x035.o
                0x0000000000000000                _start
                0x0000000000000004                . = ALIGN (0x4)
                0x0000000000000004                _einit = .

.vector         0x0000000000000004       0xfc
 *(.vector)
 .vector        0x0000000000000004       0xdc ./Startup/startup_ch32x035.o
                0x0000000000000100                . = ALIGN (0x40)
 *fill*         0x00000000000000e0       0x20 

.text           0x0000000000000100     0x2f9c
                0x0000000000000100                . = ALIGN (0x4)
 *(.text)
 .text          0x0000000000000100       0xa8 c:/mounriver/mounriver_studio/toolchain/risc-v embedded gcc/bin/../lib/gcc/riscv-none-embed/8.2.0/../../../../riscv-none-embed/lib/rv32imacxw/ilp32\libg_nano.a(lib_a-memset.o)
                0x0000000000000100                memset
 .text          0x00000000000001a8      0x11a c:/mounriver/mounriver_studio/toolchain/risc-v embedded gcc/bin/../lib/gcc/riscv-none-embed/8.2.0/../../../../riscv-none-embed/lib/rv32imacxw/ilp32\libg_nano.a(lib_a-strcmp.o)
                0x00000000000001a8                strcmp
 *(.text.*)
 .text.NMI_Handler
                0x00000000000002c2        0x8 ./User/ch32x035_it.o
                0x00000000000002c2                NMI_Handler
 .text.HardFault_Handler
                0x00000000000002ca       0x16 ./User/ch32x035_it.o
                0x00000000000002ca                HardFault_Handler
 .text.main     0x00000000000002e0       0x18 ./User/main.o
                0x00000000000002e0                main
 .text.SystemInit
                0x00000000000002f8       0x4a ./User/system_ch32x035.o
                0x00000000000002f8                SystemInit
 .text.SystemCoreClockUpdate
                0x0000000000000342       0x80 ./User/system_ch32x035.o
                0x0000000000000342                SystemCoreClockUpdate
 .text.SetSysClock
                0x00000000000003c2       0x14 ./User/system_ch32x035.o
 .text.SetSysClockTo48_HSI
                0x00000000000003d6       0x48 ./User/system_ch32x035.o
 .text.vector_handler
                0x000000000000041e        0x2 ./Startup/startup_ch32x035.o
                0x000000000000041e                TIM1_CC_IRQHandler
                0x000000000000041e                TIM2_UP_IRQHandler
                0x000000000000041e                USBPD_IRQHandler
                0x000000000000041e                PVD_IRQHandler
                0x000000000000041e                EXTI25_16_IRQHandler
                0x000000000000041e                USBFS_IRQHandler
                0x000000000000041e                Break_Point_Handler
                0x000000000000041e                TIM2_TRG_COM_IRQHandler
                0x000000000000041e                TIM2_CC_IRQHandler
                0x000000000000041e                SPI1_IRQHandler
                0x000000000000041e                AWU_IRQHandler
                0x000000000000041e                EXTI7_0_IRQHandler
                0x000000000000041e                Ecall_M_Mode_Handler
                0x000000000000041e                DMA1_Channel4_IRQHandler
                0x000000000000041e                ADC1_IRQHandler
                0x000000000000041e                TIM2_BRK_IRQHandler
                0x000000000000041e                USART3_IRQHandler
                0x000000000000041e                DMA1_Channel7_IRQHandler
                0x000000000000041e                USBPDWakeUp_IRQHandler
                0x000000000000041e                EXTI15_8_IRQHandler
                0x000000000000041e                I2C1_EV_IRQHandler
                0x000000000000041e                USART4_IRQHandler
                0x000000000000041e                DMA1_Channel6_IRQHandler
                0x000000000000041e                TIM3_IRQHandler
                0x000000000000041e                TIM1_TRG_COM_IRQHandler
                0x000000000000041e                DMA1_Channel1_IRQHandler
                0x000000000000041e                DMA1_Channel8_IRQHandler
                0x000000000000041e                PIOC_IRQHandler
                0x000000000000041e                DMA1_Channel5_IRQHandler
                0x000000000000041e                DMA1_Channel3_IRQHandler
                0x000000000000041e                TIM1_UP_IRQHandler
                0x000000000000041e                WWDG_IRQHandler
                0x000000000000041e                Ecall_U_Mode_Handler
                0x000000000000041e                SW_Handler
                0x000000000000041e                TIM1_BRK_IRQHandler
                0x000000000000041e                OPA_IRQHandler
                0x000000000000041e                USART2_IRQHandler
                0x000000000000041e                DMA1_Channel2_IRQHandler
                0x000000000000041e                FLASH_IRQHandler
                0x000000000000041e                USBFSWakeUp_IRQHandler
                0x000000000000041e                USART1_IRQHandler
                0x000000000000041e                I2C1_ER_IRQHandler
 .text.handle_reset
                0x0000000000000420       0x86 ./Startup/startup_ch32x035.o
                0x0000000000000420                handle_reset
 .text.DMA_Init
                0x00000000000004a6       0xa8 ./Peripheral/src/ch32x035_dma.o
                0x00000000000004a6                DMA_Init
 .text.DMA_Cmd  0x000000000000054e       0x40 ./Peripheral/src/ch32x035_dma.o
                0x000000000000054e                DMA_Cmd
 .text.GPIO_Init
                0x000000000000058e      0x3c0 ./Peripheral/src/ch32x035_gpio.o
                0x000000000000058e                GPIO_Init
 .text.GPIO_WriteBit
                0x000000000000094e       0x4a ./Peripheral/src/ch32x035_gpio.o
                0x000000000000094e                GPIO_WriteBit
 .text.NVIC_PriorityGroupConfig
                0x0000000000000998       0x1a ./Peripheral/src/ch32x035_misc.o
                0x0000000000000998                NVIC_PriorityGroupConfig
 .text.RCC_GetClocksFreq
                0x00000000000009b2       0xa6 ./Peripheral/src/ch32x035_rcc.o
                0x00000000000009b2                RCC_GetClocksFreq
 .text.RCC_AHBPeriphClockCmd
                0x0000000000000a58       0x46 ./Peripheral/src/ch32x035_rcc.o
                0x0000000000000a58                RCC_AHBPeriphClockCmd
 .text.RCC_APB2PeriphClockCmd
                0x0000000000000a9e       0x46 ./Peripheral/src/ch32x035_rcc.o
                0x0000000000000a9e                RCC_APB2PeriphClockCmd
 .text.RCC_APB1PeriphClockCmd
                0x0000000000000ae4       0x46 ./Peripheral/src/ch32x035_rcc.o
                0x0000000000000ae4                RCC_APB1PeriphClockCmd
 .text.SPI_Init
                0x0000000000000b2a       0xbc ./Peripheral/src/ch32x035_spi.o
                0x0000000000000b2a                SPI_Init
 .text.SPI_Cmd  0x0000000000000be6       0x52 ./Peripheral/src/ch32x035_spi.o
                0x0000000000000be6                SPI_Cmd
 .text.SPI_I2S_SendData
                0x0000000000000c38       0x22 ./Peripheral/src/ch32x035_spi.o
                0x0000000000000c38                SPI_I2S_SendData
 .text.SPI_I2S_ReceiveData
                0x0000000000000c5a       0x1c ./Peripheral/src/ch32x035_spi.o
                0x0000000000000c5a                SPI_I2S_ReceiveData
 .text.SPI_I2S_GetFlagStatus
                0x0000000000000c76       0x44 ./Peripheral/src/ch32x035_spi.o
                0x0000000000000c76                SPI_I2S_GetFlagStatus
 .text.USART_Init
                0x0000000000000cba      0x1b2 ./Peripheral/src/ch32x035_usart.o
                0x0000000000000cba                USART_Init
 .text.USART_Cmd
                0x0000000000000e6c       0x58 ./Peripheral/src/ch32x035_usart.o
                0x0000000000000e6c                USART_Cmd
 .text.USART_DMACmd
                0x0000000000000ec4       0x68 ./Peripheral/src/ch32x035_usart.o
                0x0000000000000ec4                USART_DMACmd
 .text._sbrk    0x0000000000000f2c       0x5a ./Debug/debug.o
                0x0000000000000f2c                _sbrk
 .text.ATCMD_Init
                0x0000000000000f86       0x18 ./App/src/atcmd.o
                0x0000000000000f86                ATCMD_Init
 .text.cmdRel   0x0000000000000f9e       0x40 ./App/src/atcmd.o
 .text.cmdOk    0x0000000000000fde       0x12 ./App/src/atcmd.o
 .text.cmdGetTmrUsed
                0x0000000000000ff0       0x2c ./App/src/atcmd.o
 .text.cmdGetValue
                0x000000000000101c       0x7a ./App/src/atcmd.o
 .text.ATCMD_Service
                0x0000000000001096      0x16c ./App/src/atcmd.o
                0x0000000000001096                ATCMD_Service
 .text.SysTick_Handler
                0x0000000000001202       0x30 ./App/src/irq.o
                0x0000000000001202                SysTick_Handler
 .text.LED_Init
                0x0000000000001232       0x6a ./App/src/led.o
                0x0000000000001232                LED_Init
 .text.LED_Cmd  0x000000000000129c       0x1a ./App/src/led.o
                0x000000000000129c                LED_Cmd
 .text.LED_Irq  0x00000000000012b6       0x82 ./App/src/led.o
                0x00000000000012b6                LED_Irq
 .text.MS5611_InitConfig
                0x0000000000001338      0x100 ./App/src/ms5611.o
 .text.MS5611_SendCmd
                0x0000000000001438       0x78 ./App/src/ms5611.o
 .text.MS5611_ReadADC
                0x00000000000014b0       0xc4 ./App/src/ms5611.o
 .text.MS5611_ReadRegister
                0x0000000000001574       0xea ./App/src/ms5611.o
 .text.MS5611_Init
                0x000000000000165e       0x56 ./App/src/ms5611.o
                0x000000000000165e                MS5611_Init
 .text.MS5611_ReadData
                0x00000000000016b4      0x73e ./App/src/ms5611.o
                0x00000000000016b4                MS5611_ReadData
 .text.SCP_Init
                0x0000000000001df2      0x1d4 ./App/src/scp.o
                0x0000000000001df2                SCP_Init
 .text.SCP_RxCnt
                0x0000000000001fc6      0x122 ./App/src/scp.o
                0x0000000000001fc6                SCP_RxCnt
 .text.SCP_RxBuffer
                0x00000000000020e8      0x106 ./App/src/scp.o
                0x00000000000020e8                SCP_RxBuffer
 .text.SCP_TxBuffer
                0x00000000000021ee       0xba ./App/src/scp.o
                0x00000000000021ee                SCP_TxBuffer
 .text.TMR_Init
                0x00000000000022a8       0x92 ./App/src/tmr.o
                0x00000000000022a8                TMR_Init
 .text.wait     0x000000000000233a       0x22 ./App/src/tmr.o
                0x000000000000233a                wait
 .text.TMR_Irq  0x000000000000235c       0x96 ./App/src/tmr.o
                0x000000000000235c                TMR_Irq
 .text.TMR_Start
                0x00000000000023f2       0xc2 ./App/src/tmr.o
                0x00000000000023f2                TMR_Start
 .text.TMR_Tick
                0x00000000000024b4       0x32 ./App/src/tmr.o
                0x00000000000024b4                TMR_Tick
 .text.TMR_GetTimersNumbUsed
                0x00000000000024e6       0x12 ./App/src/tmr.o
                0x00000000000024e6                TMR_GetTimersNumbUsed
 .text.usr_setup
                0x00000000000024f8       0x3a ./App/src/usr.o
                0x00000000000024f8                usr_setup
 .text.usr_main
                0x0000000000002532       0x46 ./App/src/usr.o
                0x0000000000002532                usr_main
 .text.sprintf  0x0000000000002578       0x44 c:/mounriver/mounriver_studio/toolchain/risc-v embedded gcc/bin/../lib/gcc/riscv-none-embed/8.2.0/../../../../riscv-none-embed/lib/rv32imacxw/ilp32\libg_nano.a(lib_a-sprintf.o)
                0x0000000000002578                siprintf
                0x0000000000002578                sprintf
 .text.strlen   0x00000000000025bc       0x12 c:/mounriver/mounriver_studio/toolchain/risc-v embedded gcc/bin/../lib/gcc/riscv-none-embed/8.2.0/../../../../riscv-none-embed/lib/rv32imacxw/ilp32\libg_nano.a(lib_a-strlen.o)
                0x00000000000025bc                strlen
 .text.strncmp  0x00000000000025ce       0x28 c:/mounriver/mounriver_studio/toolchain/risc-v embedded gcc/bin/../lib/gcc/riscv-none-embed/8.2.0/../../../../riscv-none-embed/lib/rv32imacxw/ilp32\libg_nano.a(lib_a-strncmp.o)
                0x00000000000025ce                strncmp
 .text.__ssputs_r
                0x00000000000025f6       0xde c:/mounriver/mounriver_studio/toolchain/risc-v embedded gcc/bin/../lib/gcc/riscv-none-embed/8.2.0/../../../../riscv-none-embed/lib/rv32imacxw/ilp32\libg_nano.a(lib_a-nano-svfprintf.o)
                0x00000000000025f6                __ssputs_r
 .text._svfprintf_r
                0x00000000000026d4      0x260 c:/mounriver/mounriver_studio/toolchain/risc-v embedded gcc/bin/../lib/gcc/riscv-none-embed/8.2.0/../../../../riscv-none-embed/lib/rv32imacxw/ilp32\libg_nano.a(lib_a-nano-svfprintf.o)
                0x00000000000026d4                _svfiprintf_r
                0x00000000000026d4                _svfprintf_r
 .text._printf_common
                0x0000000000002934      0x10c c:/mounriver/mounriver_studio/toolchain/risc-v embedded gcc/bin/../lib/gcc/riscv-none-embed/8.2.0/../../../../riscv-none-embed/lib/rv32imacxw/ilp32\libg_nano.a(lib_a-nano-vfprintf_i.o)
                0x0000000000002934                _printf_common
 .text._printf_i
                0x0000000000002a40      0x2a0 c:/mounriver/mounriver_studio/toolchain/risc-v embedded gcc/bin/../lib/gcc/riscv-none-embed/8.2.0/../../../../riscv-none-embed/lib/rv32imacxw/ilp32\libg_nano.a(lib_a-nano-vfprintf_i.o)
                0x0000000000002a40                _printf_i
 .text.memchr   0x0000000000002ce0       0x18 c:/mounriver/mounriver_studio/toolchain/risc-v embedded gcc/bin/../lib/gcc/riscv-none-embed/8.2.0/../../../../riscv-none-embed/lib/rv32imacxw/ilp32\libg_nano.a(lib_a-memchr.o)
                0x0000000000002ce0                memchr
 .text.memcpy   0x0000000000002cf8       0xb2 c:/mounriver/mounriver_studio/toolchain/risc-v embedded gcc/bin/../lib/gcc/riscv-none-embed/8.2.0/../../../../riscv-none-embed/lib/rv32imacxw/ilp32\libg_nano.a(lib_a-memcpy.o)
                0x0000000000002cf8                memcpy
 .text.memmove  0x0000000000002daa       0x46 c:/mounriver/mounriver_studio/toolchain/risc-v embedded gcc/bin/../lib/gcc/riscv-none-embed/8.2.0/../../../../riscv-none-embed/lib/rv32imacxw/ilp32\libg_nano.a(lib_a-memmove.o)
                0x0000000000002daa                memmove
 .text._free_r  0x0000000000002df0       0xa4 c:/mounriver/mounriver_studio/toolchain/risc-v embedded gcc/bin/../lib/gcc/riscv-none-embed/8.2.0/../../../../riscv-none-embed/lib/rv32imacxw/ilp32\libg_nano.a(lib_a-nano-freer.o)
                0x0000000000002df0                _free_r
 .text._malloc_r
                0x0000000000002e94       0xce c:/mounriver/mounriver_studio/toolchain/risc-v embedded gcc/bin/../lib/gcc/riscv-none-embed/8.2.0/../../../../riscv-none-embed/lib/rv32imacxw/ilp32\libg_nano.a(lib_a-nano-mallocr.o)
                0x0000000000002e94                _malloc_r
 .text._realloc_r
                0x0000000000002f62       0x4e c:/mounriver/mounriver_studio/toolchain/risc-v embedded gcc/bin/../lib/gcc/riscv-none-embed/8.2.0/../../../../riscv-none-embed/lib/rv32imacxw/ilp32\libg_nano.a(lib_a-nano-reallocr.o)
                0x0000000000002f62                _realloc_r
 .text._sbrk_r  0x0000000000002fb0       0x2a c:/mounriver/mounriver_studio/toolchain/risc-v embedded gcc/bin/../lib/gcc/riscv-none-embed/8.2.0/../../../../riscv-none-embed/lib/rv32imacxw/ilp32\libg_nano.a(lib_a-sbrkr.o)
                0x0000000000002fb0                _sbrk_r
 .text.__malloc_lock
                0x0000000000002fda        0x2 c:/mounriver/mounriver_studio/toolchain/risc-v embedded gcc/bin/../lib/gcc/riscv-none-embed/8.2.0/../../../../riscv-none-embed/lib/rv32imacxw/ilp32\libg_nano.a(lib_a-mlock.o)
                0x0000000000002fda                __malloc_lock
 .text.__malloc_unlock
                0x0000000000002fdc        0x2 c:/mounriver/mounriver_studio/toolchain/risc-v embedded gcc/bin/../lib/gcc/riscv-none-embed/8.2.0/../../../../riscv-none-embed/lib/rv32imacxw/ilp32\libg_nano.a(lib_a-mlock.o)
                0x0000000000002fdc                __malloc_unlock
 .text._malloc_usable_size_r
                0x0000000000002fde       0x14 c:/mounriver/mounriver_studio/toolchain/risc-v embedded gcc/bin/../lib/gcc/riscv-none-embed/8.2.0/../../../../riscv-none-embed/lib/rv32imacxw/ilp32\libg_nano.a(lib_a-nano-msizer.o)
                0x0000000000002fde                _malloc_usable_size_r
 *(.rodata)
 *fill*         0x0000000000002ff2        0x2 
 .rodata        0x0000000000002ff4       0x41 ./App/src/atcmd.o
 *fill*         0x0000000000003035        0x3 
 .rodata        0x0000000000003038        0x8 ./App/src/usr.o
 *(.rodata*)
 .rodata.at_cmd_list
                0x0000000000003040       0x20 ./App/src/atcmd.o
 .rodata._svfprintf_r.str1.4
                0x0000000000003060       0x13 c:/mounriver/mounriver_studio/toolchain/risc-v embedded gcc/bin/../lib/gcc/riscv-none-embed/8.2.0/../../../../riscv-none-embed/lib/rv32imacxw/ilp32\libg_nano.a(lib_a-nano-svfprintf.o)
 *fill*         0x0000000000003073        0x1 
 .rodata._printf_i.str1.4
                0x0000000000003074       0x28 c:/mounriver/mounriver_studio/toolchain/risc-v embedded gcc/bin/../lib/gcc/riscv-none-embed/8.2.0/../../../../riscv-none-embed/lib/rv32imacxw/ilp32\libg_nano.a(lib_a-nano-vfprintf_i.o)
                                         0x25 (size before relaxing)
 *(.gnu.linkonce.t.*)
                0x000000000000309c                . = ALIGN (0x4)

.id_data        0x000000000000309c      0x100
 .id_data       0x000000000000309c       0x80 ./App/src/atcmd.o
 .id_data       0x000000000000311c       0x80 ./App/src/usr.o

.rela.dyn       0x000000000000319c        0x0
 .rela.init     0x000000000000319c        0x0 ./User/ch32x035_it.o
 .rela.vector   0x000000000000319c        0x0 ./User/ch32x035_it.o
 .rela.text.handle_reset
                0x000000000000319c        0x0 ./User/ch32x035_it.o
 .rela.sdata.curbrk.4333
                0x000000000000319c        0x0 ./User/ch32x035_it.o
 .rela.text._sbrk
                0x000000000000319c        0x0 ./User/ch32x035_it.o
 .rela.data.impure_data
                0x000000000000319c        0x0 ./User/ch32x035_it.o
 .rela.text._svfprintf_r
                0x000000000000319c        0x0 ./User/ch32x035_it.o
 .rela.text._sbrk_r
                0x000000000000319c        0x0 ./User/ch32x035_it.o

.fini           0x000000000000319c        0x0
 *(SORT_NONE(.fini))
                0x000000000000319c                . = ALIGN (0x4)
                [!provide]                        PROVIDE (_etext = .)
                [!provide]                        PROVIDE (_eitcm = .)

.preinit_array  0x000000000000319c        0x0
                [!provide]                        PROVIDE (__preinit_array_start = .)
 *(.preinit_array)
                [!provide]                        PROVIDE (__preinit_array_end = .)

.init_array     0x000000000000319c        0x0
                [!provide]                        PROVIDE (__init_array_start = .)
 *(SORT_BY_INIT_PRIORITY(.init_array.*) SORT_BY_INIT_PRIORITY(.ctors.*))
 *(.init_array EXCLUDE_FILE(*crtend?.o *crtend.o *crtbegin?.o *crtbegin.o) .ctors)
                [!provide]                        PROVIDE (__init_array_end = .)

.fini_array     0x000000000000319c        0x0
                [!provide]                        PROVIDE (__fini_array_start = .)
 *(SORT_BY_INIT_PRIORITY(.fini_array.*) SORT_BY_INIT_PRIORITY(.dtors.*))
 *(.fini_array EXCLUDE_FILE(*crtend?.o *crtend.o *crtbegin?.o *crtbegin.o) .dtors)
                [!provide]                        PROVIDE (__fini_array_end = .)

.ctors
 *crtbegin.o(.ctors)
 *crtbegin?.o(.ctors)
 *(EXCLUDE_FILE(*crtend?.o *crtend.o) .ctors)
 *(SORT_BY_NAME(.ctors.*))
 *(.ctors)

.dtors
 *crtbegin.o(.dtors)
 *crtbegin?.o(.dtors)
 *(EXCLUDE_FILE(*crtend?.o *crtend.o) .dtors)
 *(SORT_BY_NAME(.dtors.*))
 *(.dtors)

.dalign         0x0000000020000000        0x0 load address 0x000000000000319c
                0x0000000020000000                . = ALIGN (0x4)
                0x0000000020000000                PROVIDE (_data_vma = .)

.dlalign        0x000000000000319c        0x0
                0x000000000000319c                . = ALIGN (0x4)
                0x000000000000319c                PROVIDE (_data_lma = .)

.data           0x0000000020000000       0xb8 load address 0x000000000000319c
 *(.gnu.linkonce.r.*)
 *(.data .data.*)
 .data.AHBPrescTable
                0x0000000020000000       0x10 ./User/system_ch32x035.o
                0x0000000020000000                AHBPrescTable
 .data.APBAHBPrescTable
                0x0000000020000010       0x10 ./Peripheral/src/ch32x035_rcc.o
 .data.impure_data
                0x0000000020000020       0x60 c:/mounriver/mounriver_studio/toolchain/risc-v embedded gcc/bin/../lib/gcc/riscv-none-embed/8.2.0/../../../../riscv-none-embed/lib/rv32imacxw/ilp32\libg_nano.a(lib_a-impure.o)
 *(.gnu.linkonce.d.*)
                0x0000000020000080                . = ALIGN (0x8)
                0x0000000020000880                PROVIDE (__global_pointer$ = (. + 0x800))
 *(.sdata .sdata.*)
 .sdata.SystemCoreClock
                0x0000000020000080        0x4 ./User/system_ch32x035.o
                0x0000000020000080                SystemCoreClock
 .sdata.CFGHR_tmpA
                0x0000000020000084        0x4 ./Peripheral/src/ch32x035_gpio.o
                0x0000000020000084                CFGHR_tmpA
 .sdata.CFGHR_tmpB
                0x0000000020000088        0x4 ./Peripheral/src/ch32x035_gpio.o
                0x0000000020000088                CFGHR_tmpB
 .sdata.CFGHR_tmpC
                0x000000002000008c        0x4 ./Peripheral/src/ch32x035_gpio.o
                0x000000002000008c                CFGHR_tmpC
 .sdata.curbrk.4333
                0x0000000020000090        0x4 ./Debug/debug.o
 .sdata._impure_ptr
                0x0000000020000094        0x4 c:/mounriver/mounriver_studio/toolchain/risc-v embedded gcc/bin/../lib/gcc/riscv-none-embed/8.2.0/../../../../riscv-none-embed/lib/rv32imacxw/ilp32\libg_nano.a(lib_a-impure.o)
                0x0000000020000094                _impure_ptr
 *(.sdata2.*)
 .sdata2.atstr_ok
                0x0000000020000098        0x4 ./App/src/atcmd.o
 .sdata2.atstr_get_rel
                0x000000002000009c        0x5 ./App/src/atcmd.o
 *fill*         0x00000000200000a1        0x3 
 .sdata2.atstr_get_ok
                0x00000000200000a4        0x4 ./App/src/atcmd.o
 .sdata2.atstr_get_tmr
                0x00000000200000a8        0x8 ./App/src/atcmd.o
 .sdata2.atstr_get_val
                0x00000000200000b0        0x5 ./App/src/atcmd.o
 *(.gnu.linkonce.s.*)
                0x00000000200000b8                . = ALIGN (0x8)
 *fill*         0x00000000200000b5        0x3 
 *(.srodata.cst16)
 *(.srodata.cst8)
 *(.srodata.cst4)
 *(.srodata.cst2)
 *(.srodata .srodata.*)
                0x00000000200000b8                . = ALIGN (0x4)
                0x00000000200000b8                PROVIDE (_edata = .)

.bss            0x00000000200000b8      0x18c load address 0x0000000000003254
                0x00000000200000b8                . = ALIGN (0x4)
                0x00000000200000b8                PROVIDE (_sbss = .)
 *(.sbss*)
 .sbss.NVIC_Priority_Group
                0x00000000200000b8        0x4 ./Peripheral/src/ch32x035_misc.o
                0x00000000200000b8                NVIC_Priority_Group
 .sbss.port     0x00000000200000bc        0x4 ./App/src/atcmd.o
                0x00000000200000bc                port
 .sbss.nr_chr   0x00000000200000c0        0x2 ./App/src/atcmd.o
                0x00000000200000c0                nr_chr
 *fill*         0x00000000200000c2        0x2 
 .sbss.tmr_out  0x00000000200000c4        0x4 ./App/src/atcmd.o
                0x00000000200000c4                tmr_out
 .sbss.gen_value
                0x00000000200000c8        0x4 ./App/src/atcmd.o
                0x00000000200000c8                gen_value
 .sbss.led_mux  0x00000000200000cc        0x1 ./App/src/led.o
                0x00000000200000cc                led_mux
 .sbss.rit_led  0x00000000200000cd        0x1 ./App/src/led.o
                0x00000000200000cd                rit_led
 *fill*         0x00000000200000ce        0x2 
 .sbss.mled     0x00000000200000d0        0x4 ./App/src/led.o
                0x00000000200000d0                mled
 .sbss.tmr_wait
                0x00000000200000d4        0x4 ./App/src/tmr.o
                0x00000000200000d4                tmr_wait
 .sbss.max_timers
                0x00000000200000d8        0x2 ./App/src/tmr.o
                0x00000000200000d8                max_timers
 *fill*         0x00000000200000da        0x2 
 .sbss.tmr_spy  0x00000000200000dc        0x4 ./App/src/usr.o
                0x00000000200000dc                tmr_spy
 .sbss.tmr_atm  0x00000000200000e0        0x4 ./App/src/usr.o
                0x00000000200000e0                tmr_atm
 .sbss.__malloc_free_list
                0x00000000200000e4        0x4 c:/mounriver/mounriver_studio/toolchain/risc-v embedded gcc/bin/../lib/gcc/riscv-none-embed/8.2.0/../../../../riscv-none-embed/lib/rv32imacxw/ilp32\libg_nano.a(lib_a-nano-mallocr.o)
                0x00000000200000e4                __malloc_free_list
 .sbss.__malloc_sbrk_start
                0x00000000200000e8        0x4 c:/mounriver/mounriver_studio/toolchain/risc-v embedded gcc/bin/../lib/gcc/riscv-none-embed/8.2.0/../../../../riscv-none-embed/lib/rv32imacxw/ilp32\libg_nano.a(lib_a-nano-mallocr.o)
                0x00000000200000e8                __malloc_sbrk_start
 *(.gnu.linkonce.sb.*)
 *(.bss*)
 .bss.at_buff   0x00000000200000ec       0x40 ./App/src/atcmd.o
                0x00000000200000ec                at_buff
 .bss.coef      0x000000002000012c        0xe ./App/src/ms5611.o
                0x000000002000012c                coef
 *fill*         0x000000002000013a        0x2 
 .bss.rx1_buffer
                0x000000002000013c       0x40 ./App/src/scp.o
                0x000000002000013c                rx1_buffer
 .bss.rx        0x000000002000017c       0xa8 ./App/src/scp.o
                0x000000002000017c                rx
 .bss.tmrstk    0x0000000020000224       0x10 ./App/src/tmr.o
                0x0000000020000224                tmrstk
 .bss.atm_data  0x0000000020000234        0xc ./App/src/usr.o
                0x0000000020000234                atm_data
 *(.gnu.linkonce.b.*)
 *(COMMON*)
 COMMON         0x0000000020000240        0x4 c:/mounriver/mounriver_studio/toolchain/risc-v embedded gcc/bin/../lib/gcc/riscv-none-embed/8.2.0/../../../../riscv-none-embed/lib/rv32imacxw/ilp32\libg_nano.a(lib_a-reent.o)
                0x0000000020000240                errno
                0x0000000020000244                . = ALIGN (0x4)
                0x0000000020000244                PROVIDE (_ebss = .)
                0x0000000020000244                PROVIDE (_end = _ebss)
                [!provide]                        PROVIDE (end = .)

.stack          0x0000000020004800      0x800
                0x0000000020004800                PROVIDE (_heap_end = .)
                0x0000000020004800                . = ALIGN (0x4)
                [!provide]                        PROVIDE (_susrstack = .)
                0x0000000020005000                . = (. + __stack_size)
 *fill*         0x0000000020004800      0x800 
                0x0000000020005000                PROVIDE (_eusrstack = .)
OUTPUT(ElbAltmX.elf elf32-littleriscv)

.debug_info     0x0000000000000000     0xe886
 .debug_info    0x0000000000000000      0xbc0 ./User/ch32x035_it.o
 .debug_info    0x0000000000000bc0      0x954 ./User/main.o
 .debug_info    0x0000000000001514      0xb45 ./User/system_ch32x035.o
 .debug_info    0x0000000000002059       0x22 ./Startup/startup_ch32x035.o
 .debug_info    0x000000000000207b      0xd2c ./Peripheral/src/ch32x035_dma.o
 .debug_info    0x0000000000002da7      0xfc9 ./Peripheral/src/ch32x035_gpio.o
 .debug_info    0x0000000000003d70      0xe58 ./Peripheral/src/ch32x035_misc.o
 .debug_info    0x0000000000004bc8      0xd98 ./Peripheral/src/ch32x035_rcc.o
 .debug_info    0x0000000000005960     0x1038 ./Peripheral/src/ch32x035_spi.o
 .debug_info    0x0000000000006998     0x1277 ./Peripheral/src/ch32x035_usart.o
 .debug_info    0x0000000000007c0f      0xe29 ./Debug/debug.o
 .debug_info    0x0000000000008a38      0xe83 ./App/src/atcmd.o
 .debug_info    0x00000000000098bb      0x9bb ./App/src/irq.o
 .debug_info    0x000000000000a276      0xb93 ./App/src/led.o
 .debug_info    0x000000000000ae09     0x106d ./App/src/ms5611.o
 .debug_info    0x000000000000be76      0xf8b ./App/src/scp.o
 .debug_info    0x000000000000ce01      0xfa2 ./App/src/tmr.o
 .debug_info    0x000000000000dda3      0xae3 ./App/src/usr.o

.debug_abbrev   0x0000000000000000     0x2c5b
 .debug_abbrev  0x0000000000000000      0x22c ./User/ch32x035_it.o
 .debug_abbrev  0x000000000000022c      0x1d1 ./User/main.o
 .debug_abbrev  0x00000000000003fd      0x255 ./User/system_ch32x035.o
 .debug_abbrev  0x0000000000000652       0x12 ./Startup/startup_ch32x035.o
 .debug_abbrev  0x0000000000000664      0x2b3 ./Peripheral/src/ch32x035_dma.o
 .debug_abbrev  0x0000000000000917      0x315 ./Peripheral/src/ch32x035_gpio.o
 .debug_abbrev  0x0000000000000c2c      0x2c7 ./Peripheral/src/ch32x035_misc.o
 .debug_abbrev  0x0000000000000ef3      0x2d1 ./Peripheral/src/ch32x035_rcc.o
 .debug_abbrev  0x00000000000011c4      0x2b3 ./Peripheral/src/ch32x035_spi.o
 .debug_abbrev  0x0000000000001477      0x2c2 ./Peripheral/src/ch32x035_usart.o
 .debug_abbrev  0x0000000000001739      0x2e3 ./Debug/debug.o
 .debug_abbrev  0x0000000000001a1c      0x2e5 ./App/src/atcmd.o
 .debug_abbrev  0x0000000000001d01      0x1d6 ./App/src/irq.o
 .debug_abbrev  0x0000000000001ed7      0x26c ./App/src/led.o
 .debug_abbrev  0x0000000000002143      0x304 ./App/src/ms5611.o
 .debug_abbrev  0x0000000000002447      0x2f6 ./App/src/scp.o
 .debug_abbrev  0x000000000000273d      0x300 ./App/src/tmr.o
 .debug_abbrev  0x0000000000002a3d      0x21e ./App/src/usr.o

.debug_aranges  0x0000000000000000      0x618
 .debug_aranges
                0x0000000000000000       0x28 ./User/ch32x035_it.o
 .debug_aranges
                0x0000000000000028       0x20 ./User/main.o
 .debug_aranges
                0x0000000000000048       0x38 ./User/system_ch32x035.o
 .debug_aranges
                0x0000000000000080       0x30 ./Startup/startup_ch32x035.o
 .debug_aranges
                0x00000000000000b0       0x70 ./Peripheral/src/ch32x035_dma.o
 .debug_aranges
                0x0000000000000120       0x98 ./Peripheral/src/ch32x035_gpio.o
 .debug_aranges
                0x00000000000001b8       0x28 ./Peripheral/src/ch32x035_misc.o
 .debug_aranges
                0x00000000000001e0       0x88 ./Peripheral/src/ch32x035_rcc.o
 .debug_aranges
                0x0000000000000268       0xb8 ./Peripheral/src/ch32x035_spi.o
 .debug_aranges
                0x0000000000000320       0xf0 ./Peripheral/src/ch32x035_usart.o
 .debug_aranges
                0x0000000000000410       0x50 ./Debug/debug.o
 .debug_aranges
                0x0000000000000460       0x58 ./App/src/atcmd.o
 .debug_aranges
                0x00000000000004b8       0x20 ./App/src/irq.o
 .debug_aranges
                0x00000000000004d8       0x30 ./App/src/led.o
 .debug_aranges
                0x0000000000000508       0x48 ./App/src/ms5611.o
 .debug_aranges
                0x0000000000000550       0x40 ./App/src/scp.o
 .debug_aranges
                0x0000000000000590       0x60 ./App/src/tmr.o
 .debug_aranges
                0x00000000000005f0       0x28 ./App/src/usr.o

.debug_ranges   0x0000000000000000      0x500
 .debug_ranges  0x0000000000000000       0x18 ./User/ch32x035_it.o
 .debug_ranges  0x0000000000000018       0x10 ./User/main.o
 .debug_ranges  0x0000000000000028       0x28 ./User/system_ch32x035.o
 .debug_ranges  0x0000000000000050       0x28 ./Startup/startup_ch32x035.o
 .debug_ranges  0x0000000000000078       0x60 ./Peripheral/src/ch32x035_dma.o
 .debug_ranges  0x00000000000000d8       0x88 ./Peripheral/src/ch32x035_gpio.o
 .debug_ranges  0x0000000000000160       0x18 ./Peripheral/src/ch32x035_misc.o
 .debug_ranges  0x0000000000000178       0x78 ./Peripheral/src/ch32x035_rcc.o
 .debug_ranges  0x00000000000001f0       0xa8 ./Peripheral/src/ch32x035_spi.o
 .debug_ranges  0x0000000000000298       0xe0 ./Peripheral/src/ch32x035_usart.o
 .debug_ranges  0x0000000000000378       0x40 ./Debug/debug.o
 .debug_ranges  0x00000000000003b8       0x48 ./App/src/atcmd.o
 .debug_ranges  0x0000000000000400       0x10 ./App/src/irq.o
 .debug_ranges  0x0000000000000410       0x20 ./App/src/led.o
 .debug_ranges  0x0000000000000430       0x38 ./App/src/ms5611.o
 .debug_ranges  0x0000000000000468       0x30 ./App/src/scp.o
 .debug_ranges  0x0000000000000498       0x50 ./App/src/tmr.o
 .debug_ranges  0x00000000000004e8       0x18 ./App/src/usr.o

.debug_line     0x0000000000000000     0x6aab
 .debug_line    0x0000000000000000      0x286 ./User/ch32x035_it.o
 .debug_line    0x0000000000000286      0x216 ./User/main.o
 .debug_line    0x000000000000049c      0x34e ./User/system_ch32x035.o
 .debug_line    0x00000000000007ea      0x11e ./Startup/startup_ch32x035.o
 .debug_line    0x0000000000000908      0x6da ./Peripheral/src/ch32x035_dma.o
 .debug_line    0x0000000000000fe2      0xdcb ./Peripheral/src/ch32x035_gpio.o
 .debug_line    0x0000000000001dad      0x410 ./Peripheral/src/ch32x035_misc.o
 .debug_line    0x00000000000021bd      0x72c ./Peripheral/src/ch32x035_rcc.o
 .debug_line    0x00000000000028e9      0x851 ./Peripheral/src/ch32x035_spi.o
 .debug_line    0x000000000000313a      0xbfe ./Peripheral/src/ch32x035_usart.o
 .debug_line    0x0000000000003d38      0x58c ./Debug/debug.o
 .debug_line    0x00000000000042c4      0x737 ./App/src/atcmd.o
 .debug_line    0x00000000000049fb      0x26f ./App/src/irq.o
 .debug_line    0x0000000000004c6a      0x3ae ./App/src/led.o
 .debug_line    0x0000000000005018      0x911 ./App/src/ms5611.o
 .debug_line    0x0000000000005929      0x778 ./App/src/scp.o
 .debug_line    0x00000000000060a1      0x67b ./App/src/tmr.o
 .debug_line    0x000000000000671c      0x38f ./App/src/usr.o

.debug_str      0x0000000000000000     0x2012
 .debug_str     0x0000000000000000      0x612 ./User/ch32x035_it.o
                                        0x681 (size before relaxing)
 .debug_str     0x0000000000000612        0xf ./User/main.o
                                        0x592 (size before relaxing)
 .debug_str     0x0000000000000621       0xdd ./User/system_ch32x035.o
                                        0x6b0 (size before relaxing)
 .debug_str     0x00000000000006fe       0x2a ./Startup/startup_ch32x035.o
                                         0x62 (size before relaxing)
 .debug_str     0x0000000000000728      0x249 ./Peripheral/src/ch32x035_dma.o
                                        0x7ef (size before relaxing)
 .debug_str     0x0000000000000971      0x31a ./Peripheral/src/ch32x035_gpio.o
                                        0x91a (size before relaxing)
 .debug_str     0x0000000000000c8b      0x3ad ./Peripheral/src/ch32x035_misc.o
                                        0xa0d (size before relaxing)
 .debug_str     0x0000000000001038      0x1f2 ./Peripheral/src/ch32x035_rcc.o
                                        0x84c (size before relaxing)
 .debug_str     0x000000000000122a      0x2c1 ./Peripheral/src/ch32x035_spi.o
                                        0x91e (size before relaxing)
 .debug_str     0x00000000000014eb      0x3dc ./Peripheral/src/ch32x035_usart.o
                                        0xa95 (size before relaxing)
 .debug_str     0x00000000000018c7       0xb7 ./Debug/debug.o
                                        0x87d (size before relaxing)
 .debug_str     0x000000000000197e      0x241 ./App/src/atcmd.o
                                        0x7f9 (size before relaxing)
 .debug_str     0x0000000000001bbf       0x21 ./App/src/irq.o
                                        0x5c5 (size before relaxing)
 .debug_str     0x0000000000001be0       0x97 ./App/src/led.o
                                        0x745 (size before relaxing)
 .debug_str     0x0000000000001c77      0x21f ./App/src/ms5611.o
                                        0xa5d (size before relaxing)
 .debug_str     0x0000000000001e96       0xb8 ./App/src/scp.o
                                        0x975 (size before relaxing)
 .debug_str     0x0000000000001f4e       0x90 ./App/src/tmr.o
                                        0x9b3 (size before relaxing)
 .debug_str     0x0000000000001fde       0x34 ./App/src/usr.o
                                        0x67d (size before relaxing)

.comment        0x0000000000000000       0x33
 .comment       0x0000000000000000       0x33 ./User/ch32x035_it.o
                                         0x34 (size before relaxing)
 .comment       0x0000000000000033       0x34 ./User/main.o
 .comment       0x0000000000000033       0x34 ./User/system_ch32x035.o
 .comment       0x0000000000000033       0x34 ./Peripheral/src/ch32x035_dma.o
 .comment       0x0000000000000033       0x34 ./Peripheral/src/ch32x035_gpio.o
 .comment       0x0000000000000033       0x34 ./Peripheral/src/ch32x035_misc.o
 .comment       0x0000000000000033       0x34 ./Peripheral/src/ch32x035_rcc.o
 .comment       0x0000000000000033       0x34 ./Peripheral/src/ch32x035_spi.o
 .comment       0x0000000000000033       0x34 ./Peripheral/src/ch32x035_usart.o
 .comment       0x0000000000000033       0x34 ./Debug/debug.o
 .comment       0x0000000000000033       0x34 ./App/src/atcmd.o
 .comment       0x0000000000000033       0x34 ./App/src/irq.o
 .comment       0x0000000000000033       0x34 ./App/src/led.o
 .comment       0x0000000000000033       0x34 ./App/src/ms5611.o
 .comment       0x0000000000000033       0x34 ./App/src/scp.o
 .comment       0x0000000000000033       0x34 ./App/src/tmr.o
 .comment       0x0000000000000033       0x34 ./App/src/usr.o

.debug_frame    0x0000000000000000     0x1718
 .debug_frame   0x0000000000000000       0x48 ./User/ch32x035_it.o
 .debug_frame   0x0000000000000048       0x2c ./User/main.o
 .debug_frame   0x0000000000000074       0x98 ./User/system_ch32x035.o
 .debug_frame   0x000000000000010c      0x174 ./Peripheral/src/ch32x035_dma.o
 .debug_frame   0x0000000000000280      0x228 ./Peripheral/src/ch32x035_gpio.o
 .debug_frame   0x00000000000004a8       0x50 ./Peripheral/src/ch32x035_misc.o
 .debug_frame   0x00000000000004f8      0x1d0 ./Peripheral/src/ch32x035_rcc.o
 .debug_frame   0x00000000000006c8      0x294 ./Peripheral/src/ch32x035_spi.o
 .debug_frame   0x000000000000095c      0x37c ./Peripheral/src/ch32x035_usart.o
 .debug_frame   0x0000000000000cd8       0xfc ./Debug/debug.o
 .debug_frame   0x0000000000000dd4      0x128 ./App/src/atcmd.o
 .debug_frame   0x0000000000000efc       0x30 ./App/src/irq.o
 .debug_frame   0x0000000000000f2c       0x74 ./App/src/led.o
 .debug_frame   0x0000000000000fa0      0x118 ./App/src/ms5611.o
 .debug_frame   0x00000000000010b8       0xcc ./App/src/scp.o
 .debug_frame   0x0000000000001184      0x140 ./App/src/tmr.o
 .debug_frame   0x00000000000012c4       0x50 ./App/src/usr.o
 .debug_frame   0x0000000000001314       0x48 c:/mounriver/mounriver_studio/toolchain/risc-v embedded gcc/bin/../lib/gcc/riscv-none-embed/8.2.0/../../../../riscv-none-embed/lib/rv32imacxw/ilp32\libg_nano.a(lib_a-sprintf.o)
 .debug_frame   0x000000000000135c       0x20 c:/mounriver/mounriver_studio/toolchain/risc-v embedded gcc/bin/../lib/gcc/riscv-none-embed/8.2.0/../../../../riscv-none-embed/lib/rv32imacxw/ilp32\libg_nano.a(lib_a-strlen.o)
 .debug_frame   0x000000000000137c       0x20 c:/mounriver/mounriver_studio/toolchain/risc-v embedded gcc/bin/../lib/gcc/riscv-none-embed/8.2.0/../../../../riscv-none-embed/lib/rv32imacxw/ilp32\libg_nano.a(lib_a-strncmp.o)
 .debug_frame   0x000000000000139c       0xe0 c:/mounriver/mounriver_studio/toolchain/risc-v embedded gcc/bin/../lib/gcc/riscv-none-embed/8.2.0/../../../../riscv-none-embed/lib/rv32imacxw/ilp32\libg_nano.a(lib_a-nano-svfprintf.o)
 .debug_frame   0x000000000000147c       0x8c c:/mounriver/mounriver_studio/toolchain/risc-v embedded gcc/bin/../lib/gcc/riscv-none-embed/8.2.0/../../../../riscv-none-embed/lib/rv32imacxw/ilp32\libg_nano.a(lib_a-nano-vfprintf_i.o)
 .debug_frame   0x0000000000001508       0x20 c:/mounriver/mounriver_studio/toolchain/risc-v embedded gcc/bin/../lib/gcc/riscv-none-embed/8.2.0/../../../../riscv-none-embed/lib/rv32imacxw/ilp32\libg_nano.a(lib_a-memchr.o)
 .debug_frame   0x0000000000001528       0x20 c:/mounriver/mounriver_studio/toolchain/risc-v embedded gcc/bin/../lib/gcc/riscv-none-embed/8.2.0/../../../../riscv-none-embed/lib/rv32imacxw/ilp32\libg_nano.a(lib_a-memcpy.o)
 .debug_frame   0x0000000000001548       0x20 c:/mounriver/mounriver_studio/toolchain/risc-v embedded gcc/bin/../lib/gcc/riscv-none-embed/8.2.0/../../../../riscv-none-embed/lib/rv32imacxw/ilp32\libg_nano.a(lib_a-memmove.o)
 .debug_frame   0x0000000000001568       0x40 c:/mounriver/mounriver_studio/toolchain/risc-v embedded gcc/bin/../lib/gcc/riscv-none-embed/8.2.0/../../../../riscv-none-embed/lib/rv32imacxw/ilp32\libg_nano.a(lib_a-nano-freer.o)
 .debug_frame   0x00000000000015a8       0x40 c:/mounriver/mounriver_studio/toolchain/risc-v embedded gcc/bin/../lib/gcc/riscv-none-embed/8.2.0/../../../../riscv-none-embed/lib/rv32imacxw/ilp32\libg_nano.a(lib_a-nano-mallocr.o)
 .debug_frame   0x00000000000015e8       0x40 c:/mounriver/mounriver_studio/toolchain/risc-v embedded gcc/bin/../lib/gcc/riscv-none-embed/8.2.0/../../../../riscv-none-embed/lib/rv32imacxw/ilp32\libg_nano.a(lib_a-nano-reallocr.o)
 .debug_frame   0x0000000000001628       0x30 c:/mounriver/mounriver_studio/toolchain/risc-v embedded gcc/bin/../lib/gcc/riscv-none-embed/8.2.0/../../../../riscv-none-embed/lib/rv32imacxw/ilp32\libg_nano.a(lib_a-sbrkr.o)
 .debug_frame   0x0000000000001658       0x30 c:/mounriver/mounriver_studio/toolchain/risc-v embedded gcc/bin/../lib/gcc/riscv-none-embed/8.2.0/../../../../riscv-none-embed/lib/rv32imacxw/ilp32\libg_nano.a(lib_a-mlock.o)
 .debug_frame   0x0000000000001688       0x20 c:/mounriver/mounriver_studio/toolchain/risc-v embedded gcc/bin/../lib/gcc/riscv-none-embed/8.2.0/../../../../riscv-none-embed/lib/rv32imacxw/ilp32\libg_nano.a(lib_a-nano-msizer.o)
 .debug_frame   0x00000000000016a8       0x70 c:/mounriver/mounriver_studio/toolchain/risc-v embedded gcc/bin/../lib/gcc/riscv-none-embed/8.2.0/../../../../riscv-none-embed/lib/rv32imacxw/ilp32\libg_nano.a(lib_a-reent.o)
